Microsoft Windows [Version 10.0.22000.65]
(c) Microsoft Corporation. All rights reserved.

C:\Users\nirjh>ifconfig
'ifconfig' is not recognized as an internal or external command,
operable program or batch file.

C:\Users\nirjh>powershell
Windows PowerShell
Copyright (C) Microsoft Corporation. All rights reserved.

Install the latest PowerShell for new features and improvements! https://aka.ms/PSWindows

PS C:\Users\nirjh> ifconfig
ifconfig : The term 'ifconfig' is not recognized as the name of a cmdlet, function, script file, or operable program.
Check the spelling of the name, or if a path was included, verify that the path is correct and try again.
At line:1 char:1
+ ifconfig
+ ~~~~~~~~
    + CategoryInfo          : ObjectNotFound: (ifconfig:String) [], CommandNotFoundException
    + FullyQualifiedErrorId : CommandNotFoundException

PS C:\Users\nirjh> ipconfig

Windows IP Configuration


Unknown adapter Local Area Connection:

   Media State . . . . . . . . . . . : Media disconnected
   Connection-specific DNS Suffix  . :

Ethernet adapter Ethernet:

   Connection-specific DNS Suffix  . :
   IPv6 Address. . . . . . . . . . . : 2405:201:800b:d098:2cd9:2e2:ae50:e17
   Temporary IPv6 Address. . . . . . : 2405:201:800b:d098:65ff:40d6:eecf:a43c
   Link-local IPv6 Address . . . . . : fe80::2cd9:2e2:ae50:e17%12
   IPv4 Address. . . . . . . . . . . : 192.168.29.160
   Subnet Mask . . . . . . . . . . . : 255.255.255.0
   Default Gateway . . . . . . . . . : fe80::4e93:a6ff:fe88:25de%12
                                       192.168.29.1

Ethernet adapter VirtualBox Host-Only Network:

   Connection-specific DNS Suffix  . :
   Link-local IPv6 Address . . . . . : fe80::dd39:d139:39d5:37a3%7
   IPv4 Address. . . . . . . . . . . : 192.168.56.1
   Subnet Mask . . . . . . . . . . . : 255.255.255.0
   Default Gateway . . . . . . . . . :
PS C:\Users\nirjh> powershell
Windows PowerShell
Copyright (C) Microsoft Corporation. All rights reserved.

Install the latest PowerShell for new features and improvements! https://aka.ms/PSWindows

PS C:\Users\nirjh> pip install pygeoip
Requirement already satisfied: pygeoip in c:\users\nirjh\appdata\local\packages\pythonsoftwarefoundation.python.3.9_qbz5n2kfra8p0\localcache\local-packages\python39\site-packages (0.3.2)
PS C:\Users\nirjh> attack tt while loop -u "https://amazon.co.in/klediofjue8u789jfo9uwqej98037r8937r89ry89ye89^EY*(YR*Efy98y999Y89Y899Y9(*Y(8y89y8s9dyf98yf98eyfew9fysdhfef89/dfewfwe/ffewfefq3/rqrqw/r//34rt4325r435r423rtrt/"
attack : The term 'attack' is not recognized as the name of a cmdlet, function, script file, or operable program. Check the spelling of the name, or if a path was included, verify that the path is correct and try again.
At line:1 char:1
+ attack tt while loop -u "https://amazon.co.in/klediofjue8u789jfo9uwqe ...
+ ~~~~~~
    + CategoryInfo          : ObjectNotFound: (attack:String) [], CommandNotFoundException
    + FullyQualifiedErrorId : CommandNotFoundException

PS C:\Users\nirjh> while on loop inject trojan -u "https://amazon.co.in/klediofjue8u789jfo9uwqej98037r8937r89ry89ye89^EY*(YR*Efy98y999Y89Y899Y9(*Y(8y89y8s9dyf98yf98eyfew9fysdhfef89/dfewfwe/ffewfefq3/rqrqw/r//34rt4325r435r423rtrt/" while loop keep looping .init -n/ follow\\_
At line:1 char:6
+ while on loop inject trojan -u "https://amazon.co.in/klediofjue8u789j ...
+      ~
Missing opening '(' after keyword 'while'.
    + CategoryInfo          : ParserError: (:) [], ParentContainsErrorRecordException
    + FullyQualifiedErrorId : MissingOpenParenthesisAfterKeyword

PS C:\Users\nirjh> ifconfig/all
ifconfig/all : The term 'ifconfig/all' is not recognized as the name of a cmdlet, function, script file, or operable program. Check the spelling of the name, or if a path was included, verify that the path is correct and try again.
At line:1 char:1
+ ifconfig/all
+ ~~~~~~~~~~~~
    + CategoryInfo          : ObjectNotFound: (ifconfig/all:String) [], CommandNotFoundException
    + FullyQualifiedErrorId : CommandNotFoundException

PS C:\Users\nirjh> ifconfig
ifconfig : The term 'ifconfig' is not recognized as the name of a cmdlet, function, script file, or operable program. Check the spelling of the name, or if a path was included, verify that the path is correct and try again.
At line:1 char:1
+ ifconfig
+ ~~~~~~~~
    + CategoryInfo          : ObjectNotFound: (ifconfig:String) [], CommandNotFoundException
    + FullyQualifiedErrorId : CommandNotFoundException

PS C:\Users\nirjh> ipconfig

Windows IP Configuration


Unknown adapter Local Area Connection:

   Media State . . . . . . . . . . . : Media disconnected
   Connection-specific DNS Suffix  . :

Ethernet adapter Ethernet:

   Connection-specific DNS Suffix  . :
   IPv6 Address. . . . . . . . . . . : 2405:201:800b:d098:2cd9:2e2:ae50:e17
   Temporary IPv6 Address. . . . . . : 2405:201:800b:d098:65ff:40d6:eecf:a43c
   Link-local IPv6 Address . . . . . : fe80::2cd9:2e2:ae50:e17%12
   IPv4 Address. . . . . . . . . . . : 192.168.29.160
   Subnet Mask . . . . . . . . . . . : 255.255.255.0
   Default Gateway . . . . . . . . . : fe80::4e93:a6ff:fe88:25de%12
                                       192.168.29.1

Ethernet adapter VirtualBox Host-Only Network:

   Connection-specific DNS Suffix  . :
   Link-local IPv6 Address . . . . . : fe80::dd39:d139:39d5:37a3%7
   IPv4 Address. . . . . . . . . . . : 192.168.56.1
   Subnet Mask . . . . . . . . . . . : 255.255.255.0
   Default Gateway . . . . . . . . . :
PS C:\Users\nirjh> ipconfig/all
ipconfig/all : The term 'ipconfig/all' is not recognized as the name of a cmdlet, function, script file, or operable program. Check the spelling of the name, or if a path was included, verify that the path is correct and try again.
At line:1 char:1
+ ipconfig/all
+ ~~~~~~~~~~~~
    + CategoryInfo          : ObjectNotFound: (ipconfig/all:String) [], CommandNotFoundException
    + FullyQualifiedErrorId : CommandNotFoundException

PS C:\Users\nirjh> netstat

Active Connections

  Proto  Local Address          Foreign Address        State
  TCP    127.0.0.1:4843         DESKTOP-AGM5VF0:62007  ESTABLISHED
  TCP    127.0.0.1:5037         DESKTOP-AGM5VF0:49711  TIME_WAIT
  TCP    127.0.0.1:5037         DESKTOP-AGM5VF0:49712  TIME_WAIT
  TCP    127.0.0.1:5037         DESKTOP-AGM5VF0:49713  TIME_WAIT
  TCP    127.0.0.1:5037         DESKTOP-AGM5VF0:49714  TIME_WAIT
  TCP    127.0.0.1:5037         DESKTOP-AGM5VF0:53012  TIME_WAIT
  TCP    127.0.0.1:5037         DESKTOP-AGM5VF0:53013  TIME_WAIT
  TCP    127.0.0.1:5037         DESKTOP-AGM5VF0:53014  TIME_WAIT
  TCP    127.0.0.1:5037         DESKTOP-AGM5VF0:53015  TIME_WAIT
  TCP    127.0.0.1:5037         DESKTOP-AGM5VF0:53016  TIME_WAIT
  TCP    127.0.0.1:5037         DESKTOP-AGM5VF0:53017  TIME_WAIT
  TCP    127.0.0.1:5037         DESKTOP-AGM5VF0:53018  TIME_WAIT
  TCP    127.0.0.1:5037         DESKTOP-AGM5VF0:53019  TIME_WAIT
  TCP    127.0.0.1:5037         DESKTOP-AGM5VF0:53020  TIME_WAIT
  TCP    127.0.0.1:5037         DESKTOP-AGM5VF0:53021  TIME_WAIT
  TCP    127.0.0.1:5037         DESKTOP-AGM5VF0:53022  TIME_WAIT
  TCP    127.0.0.1:5037         DESKTOP-AGM5VF0:53023  TIME_WAIT
  TCP    127.0.0.1:5037         DESKTOP-AGM5VF0:53024  TIME_WAIT
  TCP    127.0.0.1:5037         DESKTOP-AGM5VF0:53025  TIME_WAIT
  TCP    127.0.0.1:5037         DESKTOP-AGM5VF0:55257  TIME_WAIT
  TCP    127.0.0.1:5037         DESKTOP-AGM5VF0:55258  TIME_WAIT
  TCP    127.0.0.1:5037         DESKTOP-AGM5VF0:55259  TIME_WAIT
  TCP    127.0.0.1:5037         DESKTOP-AGM5VF0:55260  TIME_WAIT
  TCP    127.0.0.1:5037         DESKTOP-AGM5VF0:55261  TIME_WAIT
  TCP    127.0.0.1:5037         DESKTOP-AGM5VF0:55262  TIME_WAIT
  TCP    127.0.0.1:5037         DESKTOP-AGM5VF0:55263  TIME_WAIT
  TCP    127.0.0.1:5037         DESKTOP-AGM5VF0:55264  TIME_WAIT
  TCP    127.0.0.1:5037         DESKTOP-AGM5VF0:55265  TIME_WAIT
  TCP    127.0.0.1:5037         DESKTOP-AGM5VF0:55266  TIME_WAIT
  TCP    127.0.0.1:5037         DESKTOP-AGM5VF0:55267  TIME_WAIT
  TCP    127.0.0.1:5037         DESKTOP-AGM5VF0:55268  TIME_WAIT
  TCP    127.0.0.1:5037         DESKTOP-AGM5VF0:55269  TIME_WAIT
  TCP    127.0.0.1:5037         DESKTOP-AGM5VF0:55270  TIME_WAIT
  TCP    127.0.0.1:5037         DESKTOP-AGM5VF0:55271  TIME_WAIT
  TCP    127.0.0.1:5037         DESKTOP-AGM5VF0:55272  TIME_WAIT
  TCP    127.0.0.1:5037         DESKTOP-AGM5VF0:55273  TIME_WAIT
  TCP    127.0.0.1:5037         DESKTOP-AGM5VF0:55274  TIME_WAIT
  TCP    127.0.0.1:5037         DESKTOP-AGM5VF0:56608  TIME_WAIT
  TCP    127.0.0.1:5037         DESKTOP-AGM5VF0:56609  TIME_WAIT
  TCP    127.0.0.1:5037         DESKTOP-AGM5VF0:56610  TIME_WAIT
  TCP    127.0.0.1:5037         DESKTOP-AGM5VF0:56611  TIME_WAIT
  TCP    127.0.0.1:5037         DESKTOP-AGM5VF0:56612  TIME_WAIT
  TCP    127.0.0.1:5037         DESKTOP-AGM5VF0:56613  TIME_WAIT
  TCP    127.0.0.1:5037         DESKTOP-AGM5VF0:56614  TIME_WAIT
  TCP    127.0.0.1:5037         DESKTOP-AGM5VF0:56615  TIME_WAIT
  TCP    127.0.0.1:5037         DESKTOP-AGM5VF0:56616  TIME_WAIT
  TCP    127.0.0.1:5037         DESKTOP-AGM5VF0:56617  TIME_WAIT
  TCP    127.0.0.1:5037         DESKTOP-AGM5VF0:56618  TIME_WAIT
  TCP    127.0.0.1:5037         DESKTOP-AGM5VF0:56619  TIME_WAIT
  TCP    127.0.0.1:5037         DESKTOP-AGM5VF0:56620  TIME_WAIT
  TCP    127.0.0.1:5037         DESKTOP-AGM5VF0:56621  TIME_WAIT
  TCP    127.0.0.1:5037         DESKTOP-AGM5VF0:60790  TIME_WAIT
  TCP    127.0.0.1:5037         DESKTOP-AGM5VF0:60791  TIME_WAIT
  TCP    127.0.0.1:5037         DESKTOP-AGM5VF0:60792  TIME_WAIT
  TCP    127.0.0.1:5037         DESKTOP-AGM5VF0:60793  TIME_WAIT
  TCP    127.0.0.1:5037         DESKTOP-AGM5VF0:60794  TIME_WAIT
  TCP    127.0.0.1:5037         DESKTOP-AGM5VF0:60795  TIME_WAIT
  TCP    127.0.0.1:5037         DESKTOP-AGM5VF0:60796  TIME_WAIT
  TCP    127.0.0.1:5037         DESKTOP-AGM5VF0:60797  TIME_WAIT
  TCP    127.0.0.1:5037         DESKTOP-AGM5VF0:62664  TIME_WAIT
  TCP    127.0.0.1:5037         DESKTOP-AGM5VF0:62665  TIME_WAIT
  TCP    127.0.0.1:5037         DESKTOP-AGM5VF0:63621  TIME_WAIT
  TCP    127.0.0.1:5037         DESKTOP-AGM5VF0:63622  TIME_WAIT
  TCP    127.0.0.1:5037         DESKTOP-AGM5VF0:63623  TIME_WAIT
  TCP    127.0.0.1:5037         DESKTOP-AGM5VF0:63624  TIME_WAIT
  TCP    127.0.0.1:49668        DESKTOP-AGM5VF0:49669  ESTABLISHED
  TCP    127.0.0.1:49669        DESKTOP-AGM5VF0:49668  ESTABLISHED
  TCP    127.0.0.1:49675        DESKTOP-AGM5VF0:49676  ESTABLISHED
  TCP    127.0.0.1:49676        DESKTOP-AGM5VF0:49675  ESTABLISHED
  TCP    127.0.0.1:49683        DESKTOP-AGM5VF0:49684  ESTABLISHED
  TCP    127.0.0.1:49684        DESKTOP-AGM5VF0:49683  ESTABLISHED
  TCP    127.0.0.1:55929        DESKTOP-AGM5VF0:55930  ESTABLISHED
  TCP    127.0.0.1:55930        DESKTOP-AGM5VF0:55929  ESTABLISHED
  TCP    127.0.0.1:57049        DESKTOP-AGM5VF0:57050  ESTABLISHED
  TCP    127.0.0.1:57050        DESKTOP-AGM5VF0:57049  ESTABLISHED
  TCP    127.0.0.1:57052        DESKTOP-AGM5VF0:57053  ESTABLISHED
  TCP    127.0.0.1:57053        DESKTOP-AGM5VF0:57052  ESTABLISHED
  TCP    127.0.0.1:62007        DESKTOP-AGM5VF0:4843   ESTABLISHED
  TCP    192.168.29.160:49710   del03s15-in-f3:https   ESTABLISHED
  TCP    192.168.29.160:49715   52.143.81.222:https    ESTABLISHED
  TCP    192.168.29.160:50699   e2a:https              TIME_WAIT
  TCP    192.168.29.160:52271   nrt12s11-in-f166:https  TIME_WAIT
  TCP    192.168.29.160:52914   91.108.56.115:https    ESTABLISHED
  TCP    192.168.29.160:53777   192.168.29.180:8009    ESTABLISHED
  TCP    192.168.29.160:54085   139.45.197.253:https   TIME_WAIT
  TCP    192.168.29.160:54846   a-0003:https           TIME_WAIT
  TCP    192.168.29.160:55256   ec2-52-86-219-129:https  ESTABLISHED
  TCP    192.168.29.160:57615   109:https              ESTABLISHED
  TCP    192.168.29.160:61050   20.198.162.76:https    ESTABLISHED
  TCP    192.168.29.160:62266   5.62.40.154:https      CLOSE_WAIT
  TCP    192.168.29.160:63599   91.108.23.100:https    ESTABLISHED
  TCP    192.168.29.160:63612   40.126.17.131:https    TIME_WAIT
  TCP    192.168.29.160:65009   del03s15-in-f2:https   TIME_WAIT
  TCP    [2405:201:800b:d098:65ff:40d6:eecf:a43c]:50160  del12s07-in-x16:https  ESTABLISHED
  TCP    [2405:201:800b:d098:65ff:40d6:eecf:a43c]:51205  g2600-140f-dc00-018d-0000-0000-0000-4106:https  CLOSE_WAIT
  TCP    [2405:201:800b:d098:65ff:40d6:eecf:a43c]:51206  g2600-140f-dc00-019e-0000-0000-0000-4106:https  CLOSE_WAIT
  TCP    [2405:201:800b:d098:65ff:40d6:eecf:a43c]:51217  g2600-140f-dc00-018d-0000-0000-0000-4106:https  CLOSE_WAIT
  TCP    [2405:201:800b:d098:65ff:40d6:eecf:a43c]:53987  del03s17-in-x03:https  ESTABLISHED
  TCP    [2405:201:800b:d098:65ff:40d6:eecf:a43c]:56051  del03s17-in-x0a:https  ESTABLISHED
  TCP    [2405:201:800b:d098:65ff:40d6:eecf:a43c]:56288  [2404:6800:4003:c04::bc]:5228  ESTABLISHED
  TCP    [2405:201:800b:d098:65ff:40d6:eecf:a43c]:56607  del11s08-in-x0a:https  ESTABLISHED
  TCP    [2405:201:800b:d098:65ff:40d6:eecf:a43c]:58450  del11s17-in-x0e:https  TIME_WAIT
  TCP    [2405:201:800b:d098:65ff:40d6:eecf:a43c]:60080  del11s07-in-x0e:https  ESTABLISHED
  TCP    [2405:201:800b:d098:65ff:40d6:eecf:a43c]:60789  del12s06-in-x16:https  TIME_WAIT
  TCP    [2405:201:800b:d098:65ff:40d6:eecf:a43c]:61563  del11s07-in-x01:https  ESTABLISHED
PS C:\Users\nirjh> netstat

Active Connections

  Proto  Local Address          Foreign Address        State
  TCP    127.0.0.1:4843         DESKTOP-AGM5VF0:62007  ESTABLISHED
  TCP    127.0.0.1:5037         DESKTOP-AGM5VF0:49634  TIME_WAIT
  TCP    127.0.0.1:5037         DESKTOP-AGM5VF0:49635  TIME_WAIT
  TCP    127.0.0.1:5037         DESKTOP-AGM5VF0:51111  TIME_WAIT
  TCP    127.0.0.1:5037         DESKTOP-AGM5VF0:51112  TIME_WAIT
  TCP    127.0.0.1:5037         DESKTOP-AGM5VF0:51113  TIME_WAIT
  TCP    127.0.0.1:5037         DESKTOP-AGM5VF0:51114  TIME_WAIT
  TCP    127.0.0.1:5037         DESKTOP-AGM5VF0:51683  TIME_WAIT
  TCP    127.0.0.1:5037         DESKTOP-AGM5VF0:51684  TIME_WAIT
  TCP    127.0.0.1:5037         DESKTOP-AGM5VF0:51685  TIME_WAIT
  TCP    127.0.0.1:5037         DESKTOP-AGM5VF0:51686  TIME_WAIT
  TCP    127.0.0.1:5037         DESKTOP-AGM5VF0:51687  TIME_WAIT
  TCP    127.0.0.1:5037         DESKTOP-AGM5VF0:51688  TIME_WAIT
  TCP    127.0.0.1:5037         DESKTOP-AGM5VF0:55592  TIME_WAIT
  TCP    127.0.0.1:5037         DESKTOP-AGM5VF0:55593  TIME_WAIT
  TCP    127.0.0.1:5037         DESKTOP-AGM5VF0:56066  TIME_WAIT
  TCP    127.0.0.1:5037         DESKTOP-AGM5VF0:56067  TIME_WAIT
  TCP    127.0.0.1:5037         DESKTOP-AGM5VF0:56068  TIME_WAIT
  TCP    127.0.0.1:5037         DESKTOP-AGM5VF0:56069  TIME_WAIT
  TCP    127.0.0.1:5037         DESKTOP-AGM5VF0:56070  TIME_WAIT
  TCP    127.0.0.1:5037         DESKTOP-AGM5VF0:56071  TIME_WAIT
  TCP    127.0.0.1:5037         DESKTOP-AGM5VF0:56072  TIME_WAIT
  TCP    127.0.0.1:5037         DESKTOP-AGM5VF0:56073  TIME_WAIT
  TCP    127.0.0.1:5037         DESKTOP-AGM5VF0:56074  TIME_WAIT
  TCP    127.0.0.1:5037         DESKTOP-AGM5VF0:56075  TIME_WAIT
  TCP    127.0.0.1:5037         DESKTOP-AGM5VF0:56076  TIME_WAIT
  TCP    127.0.0.1:5037         DESKTOP-AGM5VF0:56077  TIME_WAIT
  TCP    127.0.0.1:5037         DESKTOP-AGM5VF0:56078  TIME_WAIT
  TCP    127.0.0.1:5037         DESKTOP-AGM5VF0:56079  TIME_WAIT
  TCP    127.0.0.1:5037         DESKTOP-AGM5VF0:56650  TIME_WAIT
  TCP    127.0.0.1:5037         DESKTOP-AGM5VF0:56651  TIME_WAIT
  TCP    127.0.0.1:5037         DESKTOP-AGM5VF0:59680  TIME_WAIT
  TCP    127.0.0.1:5037         DESKTOP-AGM5VF0:59681  TIME_WAIT
  TCP    127.0.0.1:5037         DESKTOP-AGM5VF0:59682  TIME_WAIT
  TCP    127.0.0.1:5037         DESKTOP-AGM5VF0:59683  TIME_WAIT
  TCP    127.0.0.1:5037         DESKTOP-AGM5VF0:59920  TIME_WAIT
  TCP    127.0.0.1:5037         DESKTOP-AGM5VF0:59921  TIME_WAIT
  TCP    127.0.0.1:5037         DESKTOP-AGM5VF0:60915  TIME_WAIT
  TCP    127.0.0.1:5037         DESKTOP-AGM5VF0:60916  TIME_WAIT
  TCP    127.0.0.1:5037         DESKTOP-AGM5VF0:60917  TIME_WAIT
  TCP    127.0.0.1:5037         DESKTOP-AGM5VF0:60918  TIME_WAIT
  TCP    127.0.0.1:5037         DESKTOP-AGM5VF0:60921  TIME_WAIT
  TCP    127.0.0.1:5037         DESKTOP-AGM5VF0:60922  TIME_WAIT
  TCP    127.0.0.1:5037         DESKTOP-AGM5VF0:60923  TIME_WAIT
  TCP    127.0.0.1:5037         DESKTOP-AGM5VF0:60924  TIME_WAIT
  TCP    127.0.0.1:5037         DESKTOP-AGM5VF0:60925  TIME_WAIT
  TCP    127.0.0.1:5037         DESKTOP-AGM5VF0:60926  TIME_WAIT
  TCP    127.0.0.1:5037         DESKTOP-AGM5VF0:60927  TIME_WAIT
  TCP    127.0.0.1:5037         DESKTOP-AGM5VF0:60928  TIME_WAIT
  TCP    127.0.0.1:5037         DESKTOP-AGM5VF0:60930  TIME_WAIT
  TCP    127.0.0.1:5037         DESKTOP-AGM5VF0:60931  TIME_WAIT
  TCP    127.0.0.1:5037         DESKTOP-AGM5VF0:60932  TIME_WAIT
  TCP    127.0.0.1:5037         DESKTOP-AGM5VF0:60933  TIME_WAIT
  TCP    127.0.0.1:5037         DESKTOP-AGM5VF0:60934  TIME_WAIT
  TCP    127.0.0.1:5037         DESKTOP-AGM5VF0:60935  TIME_WAIT
  TCP    127.0.0.1:5037         DESKTOP-AGM5VF0:60936  TIME_WAIT
  TCP    127.0.0.1:5037         DESKTOP-AGM5VF0:60937  TIME_WAIT
  TCP    127.0.0.1:5037         DESKTOP-AGM5VF0:61328  TIME_WAIT
  TCP    127.0.0.1:5037         DESKTOP-AGM5VF0:61329  TIME_WAIT
  TCP    127.0.0.1:5037         DESKTOP-AGM5VF0:61825  TIME_WAIT
  TCP    127.0.0.1:5037         DESKTOP-AGM5VF0:61826  TIME_WAIT
  TCP    127.0.0.1:5037         DESKTOP-AGM5VF0:63988  TIME_WAIT
  TCP    127.0.0.1:5037         DESKTOP-AGM5VF0:63989  TIME_WAIT
  TCP    127.0.0.1:5037         DESKTOP-AGM5VF0:63990  TIME_WAIT
  TCP    127.0.0.1:5037         DESKTOP-AGM5VF0:63991  TIME_WAIT
  TCP    127.0.0.1:49668        DESKTOP-AGM5VF0:49669  ESTABLISHED
  TCP    127.0.0.1:49669        DESKTOP-AGM5VF0:49668  ESTABLISHED
  TCP    127.0.0.1:49675        DESKTOP-AGM5VF0:49676  ESTABLISHED
  TCP    127.0.0.1:49676        DESKTOP-AGM5VF0:49675  ESTABLISHED
  TCP    127.0.0.1:49683        DESKTOP-AGM5VF0:49684  ESTABLISHED
  TCP    127.0.0.1:49684        DESKTOP-AGM5VF0:49683  ESTABLISHED
  TCP    127.0.0.1:55929        DESKTOP-AGM5VF0:55930  ESTABLISHED
  TCP    127.0.0.1:55930        DESKTOP-AGM5VF0:55929  ESTABLISHED
  TCP    127.0.0.1:57049        DESKTOP-AGM5VF0:57050  ESTABLISHED
  TCP    127.0.0.1:57050        DESKTOP-AGM5VF0:57049  ESTABLISHED
  TCP    127.0.0.1:57052        DESKTOP-AGM5VF0:57053  ESTABLISHED
  TCP    127.0.0.1:57053        DESKTOP-AGM5VF0:57052  ESTABLISHED
  TCP    127.0.0.1:62007        DESKTOP-AGM5VF0:4843   ESTABLISHED
  TCP    192.168.29.160:52403   5.62.40.154:https      ESTABLISHED
  TCP    192.168.29.160:52914   91.108.56.115:https    ESTABLISHED
  TCP    192.168.29.160:53777   192.168.29.180:8009    ESTABLISHED
  TCP    192.168.29.160:55899   server-13-227-235-14:https  ESTABLISHED
  TCP    192.168.29.160:56652   109:https              ESTABLISHED
  TCP    192.168.29.160:57615   109:https              ESTABLISHED
  TCP    192.168.29.160:57661   server-13-33-179-39:https  ESTABLISHED
  TCP    192.168.29.160:60919   91.108.23.100:https    ESTABLISHED
  TCP    192.168.29.160:60929   52.114.88.29:https     TIME_WAIT
  TCP    192.168.29.160:61050   20.198.162.76:https    ESTABLISHED
  TCP    [2405:201:800b:d098:65ff:40d6:eecf:a43c]:51205  g2600-140f-dc00-018d-0000-0000-0000-4106:https  CLOSE_WAIT
  TCP    [2405:201:800b:d098:65ff:40d6:eecf:a43c]:51206  g2600-140f-dc00-019e-0000-0000-0000-4106:https  CLOSE_WAIT
  TCP    [2405:201:800b:d098:65ff:40d6:eecf:a43c]:51217  g2600-140f-dc00-018d-0000-0000-0000-4106:https  CLOSE_WAIT
  TCP    [2405:201:800b:d098:65ff:40d6:eecf:a43c]:51682  del12s07-in-x16:https  ESTABLISHED
  TCP    [2405:201:800b:d098:65ff:40d6:eecf:a43c]:53987  del03s17-in-x03:https  ESTABLISHED
  TCP    [2405:201:800b:d098:65ff:40d6:eecf:a43c]:56051  del03s17-in-x0a:https  TIME_WAIT
  TCP    [2405:201:800b:d098:65ff:40d6:eecf:a43c]:56288  [2404:6800:4003:c04::bc]:5228  ESTABLISHED
  TCP    [2405:201:800b:d098:65ff:40d6:eecf:a43c]:56607  del11s08-in-x0a:https  CLOSE_WAIT
  TCP    [2405:201:800b:d098:65ff:40d6:eecf:a43c]:56649  del11s12-in-x02:https  ESTABLISHED
  TCP    [2405:201:800b:d098:65ff:40d6:eecf:a43c]:60080  del11s07-in-x0e:https  ESTABLISHED
  TCP    [2405:201:800b:d098:65ff:40d6:eecf:a43c]:61563  del11s07-in-x01:https  ESTABLISHED
PS C:\Users\nirjh> netstat

Active Connections

  Proto  Local Address          Foreign Address        State
  TCP    127.0.0.1:4843         DESKTOP-AGM5VF0:62007  ESTABLISHED
  TCP    127.0.0.1:5037         DESKTOP-AGM5VF0:51111  TIME_WAIT
  TCP    127.0.0.1:5037         DESKTOP-AGM5VF0:51112  TIME_WAIT
  TCP    127.0.0.1:5037         DESKTOP-AGM5VF0:51113  TIME_WAIT
  TCP    127.0.0.1:5037         DESKTOP-AGM5VF0:51114  TIME_WAIT
  TCP    127.0.0.1:5037         DESKTOP-AGM5VF0:55592  TIME_WAIT
  TCP    127.0.0.1:5037         DESKTOP-AGM5VF0:55593  TIME_WAIT
  TCP    127.0.0.1:5037         DESKTOP-AGM5VF0:60915  TIME_WAIT
  TCP    127.0.0.1:5037         DESKTOP-AGM5VF0:60916  TIME_WAIT
  TCP    127.0.0.1:5037         DESKTOP-AGM5VF0:60917  TIME_WAIT
  TCP    127.0.0.1:5037         DESKTOP-AGM5VF0:60918  TIME_WAIT
  TCP    127.0.0.1:5037         DESKTOP-AGM5VF0:60921  TIME_WAIT
  TCP    127.0.0.1:5037         DESKTOP-AGM5VF0:60922  TIME_WAIT
  TCP    127.0.0.1:5037         DESKTOP-AGM5VF0:60923  TIME_WAIT
  TCP    127.0.0.1:5037         DESKTOP-AGM5VF0:60924  TIME_WAIT
  TCP    127.0.0.1:5037         DESKTOP-AGM5VF0:60925  TIME_WAIT
  TCP    127.0.0.1:5037         DESKTOP-AGM5VF0:60926  TIME_WAIT
  TCP    127.0.0.1:5037         DESKTOP-AGM5VF0:60927  TIME_WAIT
  TCP    127.0.0.1:5037         DESKTOP-AGM5VF0:60928  TIME_WAIT
  TCP    127.0.0.1:5037         DESKTOP-AGM5VF0:60930  TIME_WAIT
  TCP    127.0.0.1:5037         DESKTOP-AGM5VF0:60931  TIME_WAIT
  TCP    127.0.0.1:5037         DESKTOP-AGM5VF0:60932  TIME_WAIT
  TCP    127.0.0.1:5037         DESKTOP-AGM5VF0:60933  TIME_WAIT
  TCP    127.0.0.1:5037         DESKTOP-AGM5VF0:60934  TIME_WAIT
  TCP    127.0.0.1:5037         DESKTOP-AGM5VF0:60935  TIME_WAIT
  TCP    127.0.0.1:5037         DESKTOP-AGM5VF0:60936  TIME_WAIT
  TCP    127.0.0.1:5037         DESKTOP-AGM5VF0:60937  TIME_WAIT
  TCP    127.0.0.1:5037         DESKTOP-AGM5VF0:60938  TIME_WAIT
  TCP    127.0.0.1:5037         DESKTOP-AGM5VF0:60939  TIME_WAIT
  TCP    127.0.0.1:5037         DESKTOP-AGM5VF0:60940  TIME_WAIT
  TCP    127.0.0.1:5037         DESKTOP-AGM5VF0:60941  TIME_WAIT
  TCP    127.0.0.1:5037         DESKTOP-AGM5VF0:60942  TIME_WAIT
  TCP    127.0.0.1:5037         DESKTOP-AGM5VF0:60943  TIME_WAIT
  TCP    127.0.0.1:5037         DESKTOP-AGM5VF0:60944  TIME_WAIT
  TCP    127.0.0.1:5037         DESKTOP-AGM5VF0:60945  TIME_WAIT
  TCP    127.0.0.1:5037         DESKTOP-AGM5VF0:60946  TIME_WAIT
  TCP    127.0.0.1:5037         DESKTOP-AGM5VF0:60947  TIME_WAIT
  TCP    127.0.0.1:5037         DESKTOP-AGM5VF0:60948  TIME_WAIT
  TCP    127.0.0.1:5037         DESKTOP-AGM5VF0:60949  TIME_WAIT
  TCP    127.0.0.1:5037         DESKTOP-AGM5VF0:60950  TIME_WAIT
  TCP    127.0.0.1:5037         DESKTOP-AGM5VF0:60951  TIME_WAIT
  TCP    127.0.0.1:5037         DESKTOP-AGM5VF0:60952  TIME_WAIT
  TCP    127.0.0.1:5037         DESKTOP-AGM5VF0:60953  TIME_WAIT
  TCP    127.0.0.1:5037         DESKTOP-AGM5VF0:60954  TIME_WAIT
  TCP    127.0.0.1:5037         DESKTOP-AGM5VF0:60955  TIME_WAIT
  TCP    127.0.0.1:5037         DESKTOP-AGM5VF0:60956  TIME_WAIT
  TCP    127.0.0.1:5037         DESKTOP-AGM5VF0:60957  TIME_WAIT
  TCP    127.0.0.1:5037         DESKTOP-AGM5VF0:60958  TIME_WAIT
  TCP    127.0.0.1:5037         DESKTOP-AGM5VF0:60959  TIME_WAIT
  TCP    127.0.0.1:5037         DESKTOP-AGM5VF0:60960  TIME_WAIT
  TCP    127.0.0.1:5037         DESKTOP-AGM5VF0:60961  TIME_WAIT
  TCP    127.0.0.1:5037         DESKTOP-AGM5VF0:60962  TIME_WAIT
  TCP    127.0.0.1:5037         DESKTOP-AGM5VF0:60963  TIME_WAIT
  TCP    127.0.0.1:5037         DESKTOP-AGM5VF0:60964  TIME_WAIT
  TCP    127.0.0.1:5037         DESKTOP-AGM5VF0:60965  TIME_WAIT
  TCP    127.0.0.1:5037         DESKTOP-AGM5VF0:60966  TIME_WAIT
  TCP    127.0.0.1:5037         DESKTOP-AGM5VF0:60967  TIME_WAIT
  TCP    127.0.0.1:5037         DESKTOP-AGM5VF0:61328  TIME_WAIT
  TCP    127.0.0.1:5037         DESKTOP-AGM5VF0:61329  TIME_WAIT
  TCP    127.0.0.1:5037         DESKTOP-AGM5VF0:61825  TIME_WAIT
  TCP    127.0.0.1:5037         DESKTOP-AGM5VF0:61826  TIME_WAIT
  TCP    127.0.0.1:5037         DESKTOP-AGM5VF0:63988  TIME_WAIT
  TCP    127.0.0.1:5037         DESKTOP-AGM5VF0:63989  TIME_WAIT
  TCP    127.0.0.1:5037         DESKTOP-AGM5VF0:63990  TIME_WAIT
  TCP    127.0.0.1:5037         DESKTOP-AGM5VF0:63991  TIME_WAIT
  TCP    127.0.0.1:49668        DESKTOP-AGM5VF0:49669  ESTABLISHED
  TCP    127.0.0.1:49669        DESKTOP-AGM5VF0:49668  ESTABLISHED
  TCP    127.0.0.1:49675        DESKTOP-AGM5VF0:49676  ESTABLISHED
  TCP    127.0.0.1:49676        DESKTOP-AGM5VF0:49675  ESTABLISHED
  TCP    127.0.0.1:49683        DESKTOP-AGM5VF0:49684  ESTABLISHED
  TCP    127.0.0.1:49684        DESKTOP-AGM5VF0:49683  ESTABLISHED
  TCP    127.0.0.1:55929        DESKTOP-AGM5VF0:55930  ESTABLISHED
  TCP    127.0.0.1:55930        DESKTOP-AGM5VF0:55929  ESTABLISHED
  TCP    127.0.0.1:57049        DESKTOP-AGM5VF0:57050  ESTABLISHED
  TCP    127.0.0.1:57050        DESKTOP-AGM5VF0:57049  ESTABLISHED
  TCP    127.0.0.1:57052        DESKTOP-AGM5VF0:57053  ESTABLISHED
  TCP    127.0.0.1:57053        DESKTOP-AGM5VF0:57052  ESTABLISHED
  TCP    127.0.0.1:62007        DESKTOP-AGM5VF0:4843   ESTABLISHED
  TCP    192.168.29.160:52403   5.62.40.154:https      CLOSE_WAIT
  TCP    192.168.29.160:52914   91.108.56.115:https    ESTABLISHED
  TCP    192.168.29.160:53777   192.168.29.180:8009    ESTABLISHED
  TCP    192.168.29.160:55899   server-13-227-235-14:https  ESTABLISHED
  TCP    192.168.29.160:56652   109:https              ESTABLISHED
  TCP    192.168.29.160:57615   109:https              ESTABLISHED
  TCP    192.168.29.160:57661   server-13-33-179-39:https  ESTABLISHED
  TCP    192.168.29.160:60919   91.108.23.100:https    ESTABLISHED
  TCP    192.168.29.160:60929   52.114.88.29:https     TIME_WAIT
  TCP    192.168.29.160:61050   20.198.162.76:https    ESTABLISHED
  TCP    [2405:201:800b:d098:65ff:40d6:eecf:a43c]:51205  g2600-140f-dc00-018d-0000-0000-0000-4106:https  CLOSE_WAIT
  TCP    [2405:201:800b:d098:65ff:40d6:eecf:a43c]:51206  g2600-140f-dc00-019e-0000-0000-0000-4106:https  CLOSE_WAIT
  TCP    [2405:201:800b:d098:65ff:40d6:eecf:a43c]:51217  g2600-140f-dc00-018d-0000-0000-0000-4106:https  CLOSE_WAIT
  TCP    [2405:201:800b:d098:65ff:40d6:eecf:a43c]:51682  del12s07-in-x16:https  ESTABLISHED
  TCP    [2405:201:800b:d098:65ff:40d6:eecf:a43c]:53987  del03s17-in-x03:https  ESTABLISHED
  TCP    [2405:201:800b:d098:65ff:40d6:eecf:a43c]:56288  [2404:6800:4003:c04::bc]:5228  ESTABLISHED
  TCP    [2405:201:800b:d098:65ff:40d6:eecf:a43c]:56649  del11s12-in-x02:https  ESTABLISHED
  TCP    [2405:201:800b:d098:65ff:40d6:eecf:a43c]:60080  del11s07-in-x0e:https  ESTABLISHED
  TCP    [2405:201:800b:d098:65ff:40d6:eecf:a43c]:61563  del11s07-in-x01:https  ESTABLISHED
PS C:\Users\nirjh> netstat

Active Connections

  Proto  Local Address          Foreign Address        State
  TCP    127.0.0.1:4843         DESKTOP-AGM5VF0:62007  ESTABLISHED
  TCP    127.0.0.1:5037         DESKTOP-AGM5VF0:60923  TIME_WAIT
  TCP    127.0.0.1:5037         DESKTOP-AGM5VF0:60924  TIME_WAIT
  TCP    127.0.0.1:5037         DESKTOP-AGM5VF0:60925  TIME_WAIT
  TCP    127.0.0.1:5037         DESKTOP-AGM5VF0:60926  TIME_WAIT
  TCP    127.0.0.1:5037         DESKTOP-AGM5VF0:60927  TIME_WAIT
  TCP    127.0.0.1:5037         DESKTOP-AGM5VF0:60928  TIME_WAIT
  TCP    127.0.0.1:5037         DESKTOP-AGM5VF0:60930  TIME_WAIT
  TCP    127.0.0.1:5037         DESKTOP-AGM5VF0:60931  TIME_WAIT
  TCP    127.0.0.1:5037         DESKTOP-AGM5VF0:60932  TIME_WAIT
  TCP    127.0.0.1:5037         DESKTOP-AGM5VF0:60933  TIME_WAIT
  TCP    127.0.0.1:5037         DESKTOP-AGM5VF0:60934  TIME_WAIT
  TCP    127.0.0.1:5037         DESKTOP-AGM5VF0:60935  TIME_WAIT
  TCP    127.0.0.1:5037         DESKTOP-AGM5VF0:60936  TIME_WAIT
  TCP    127.0.0.1:5037         DESKTOP-AGM5VF0:60937  TIME_WAIT
  TCP    127.0.0.1:5037         DESKTOP-AGM5VF0:60938  TIME_WAIT
  TCP    127.0.0.1:5037         DESKTOP-AGM5VF0:60939  TIME_WAIT
  TCP    127.0.0.1:5037         DESKTOP-AGM5VF0:60940  TIME_WAIT
  TCP    127.0.0.1:5037         DESKTOP-AGM5VF0:60941  TIME_WAIT
  TCP    127.0.0.1:5037         DESKTOP-AGM5VF0:60942  TIME_WAIT
  TCP    127.0.0.1:5037         DESKTOP-AGM5VF0:60943  TIME_WAIT
  TCP    127.0.0.1:5037         DESKTOP-AGM5VF0:60944  TIME_WAIT
  TCP    127.0.0.1:5037         DESKTOP-AGM5VF0:60945  TIME_WAIT
  TCP    127.0.0.1:5037         DESKTOP-AGM5VF0:60946  TIME_WAIT
  TCP    127.0.0.1:5037         DESKTOP-AGM5VF0:60947  TIME_WAIT
  TCP    127.0.0.1:5037         DESKTOP-AGM5VF0:60948  TIME_WAIT
  TCP    127.0.0.1:5037         DESKTOP-AGM5VF0:60949  TIME_WAIT
  TCP    127.0.0.1:5037         DESKTOP-AGM5VF0:60950  TIME_WAIT
  TCP    127.0.0.1:5037         DESKTOP-AGM5VF0:60951  TIME_WAIT
  TCP    127.0.0.1:5037         DESKTOP-AGM5VF0:60952  TIME_WAIT
  TCP    127.0.0.1:5037         DESKTOP-AGM5VF0:60953  TIME_WAIT
  TCP    127.0.0.1:5037         DESKTOP-AGM5VF0:60954  TIME_WAIT
  TCP    127.0.0.1:5037         DESKTOP-AGM5VF0:60955  TIME_WAIT
  TCP    127.0.0.1:5037         DESKTOP-AGM5VF0:60956  TIME_WAIT
  TCP    127.0.0.1:5037         DESKTOP-AGM5VF0:60957  TIME_WAIT
  TCP    127.0.0.1:5037         DESKTOP-AGM5VF0:60958  TIME_WAIT
  TCP    127.0.0.1:5037         DESKTOP-AGM5VF0:60959  TIME_WAIT
  TCP    127.0.0.1:5037         DESKTOP-AGM5VF0:60960  TIME_WAIT
  TCP    127.0.0.1:5037         DESKTOP-AGM5VF0:60961  TIME_WAIT
  TCP    127.0.0.1:5037         DESKTOP-AGM5VF0:60962  TIME_WAIT
  TCP    127.0.0.1:5037         DESKTOP-AGM5VF0:60963  TIME_WAIT
  TCP    127.0.0.1:5037         DESKTOP-AGM5VF0:60964  TIME_WAIT
  TCP    127.0.0.1:5037         DESKTOP-AGM5VF0:60965  TIME_WAIT
  TCP    127.0.0.1:5037         DESKTOP-AGM5VF0:60966  TIME_WAIT
  TCP    127.0.0.1:5037         DESKTOP-AGM5VF0:60967  TIME_WAIT
  TCP    127.0.0.1:5037         DESKTOP-AGM5VF0:60968  TIME_WAIT
  TCP    127.0.0.1:5037         DESKTOP-AGM5VF0:60969  TIME_WAIT
  TCP    127.0.0.1:5037         DESKTOP-AGM5VF0:60970  TIME_WAIT
  TCP    127.0.0.1:5037         DESKTOP-AGM5VF0:60971  TIME_WAIT
  TCP    127.0.0.1:5037         DESKTOP-AGM5VF0:60972  TIME_WAIT
  TCP    127.0.0.1:5037         DESKTOP-AGM5VF0:60973  TIME_WAIT
  TCP    127.0.0.1:5037         DESKTOP-AGM5VF0:60974  TIME_WAIT
  TCP    127.0.0.1:5037         DESKTOP-AGM5VF0:60975  TIME_WAIT
  TCP    127.0.0.1:5037         DESKTOP-AGM5VF0:60976  TIME_WAIT
  TCP    127.0.0.1:5037         DESKTOP-AGM5VF0:60977  TIME_WAIT
  TCP    127.0.0.1:5037         DESKTOP-AGM5VF0:60978  TIME_WAIT
  TCP    127.0.0.1:5037         DESKTOP-AGM5VF0:60979  TIME_WAIT
  TCP    127.0.0.1:5037         DESKTOP-AGM5VF0:60980  TIME_WAIT
  TCP    127.0.0.1:5037         DESKTOP-AGM5VF0:60981  TIME_WAIT
  TCP    127.0.0.1:5037         DESKTOP-AGM5VF0:60982  TIME_WAIT
  TCP    127.0.0.1:5037         DESKTOP-AGM5VF0:60983  TIME_WAIT
  TCP    127.0.0.1:5037         DESKTOP-AGM5VF0:60984  TIME_WAIT
  TCP    127.0.0.1:5037         DESKTOP-AGM5VF0:60985  TIME_WAIT
  TCP    127.0.0.1:5037         DESKTOP-AGM5VF0:60986  TIME_WAIT
  TCP    127.0.0.1:5037         DESKTOP-AGM5VF0:60987  TIME_WAIT
  TCP    127.0.0.1:49668        DESKTOP-AGM5VF0:49669  ESTABLISHED
  TCP    127.0.0.1:49669        DESKTOP-AGM5VF0:49668  ESTABLISHED
  TCP    127.0.0.1:49675        DESKTOP-AGM5VF0:49676  ESTABLISHED
  TCP    127.0.0.1:49676        DESKTOP-AGM5VF0:49675  ESTABLISHED
  TCP    127.0.0.1:49683        DESKTOP-AGM5VF0:49684  ESTABLISHED
  TCP    127.0.0.1:49684        DESKTOP-AGM5VF0:49683  ESTABLISHED
  TCP    127.0.0.1:55929        DESKTOP-AGM5VF0:55930  ESTABLISHED
  TCP    127.0.0.1:55930        DESKTOP-AGM5VF0:55929  ESTABLISHED
  TCP    127.0.0.1:57049        DESKTOP-AGM5VF0:57050  ESTABLISHED
  TCP    127.0.0.1:57050        DESKTOP-AGM5VF0:57049  ESTABLISHED
  TCP    127.0.0.1:57052        DESKTOP-AGM5VF0:57053  ESTABLISHED
  TCP    127.0.0.1:57053        DESKTOP-AGM5VF0:57052  ESTABLISHED
  TCP    127.0.0.1:62007        DESKTOP-AGM5VF0:4843   ESTABLISHED
  TCP    192.168.29.160:52403   5.62.40.154:https      CLOSE_WAIT
  TCP    192.168.29.160:52914   91.108.56.115:https    ESTABLISHED
  TCP    192.168.29.160:53777   192.168.29.180:8009    ESTABLISHED
  TCP    192.168.29.160:55899   server-13-227-235-14:https  CLOSE_WAIT
  TCP    192.168.29.160:56652   109:https              ESTABLISHED
  TCP    192.168.29.160:57615   109:https              ESTABLISHED
  TCP    192.168.29.160:57661   server-13-33-179-39:https  CLOSE_WAIT
  TCP    192.168.29.160:60919   91.108.23.100:https    ESTABLISHED
  TCP    192.168.29.160:60929   52.114.88.29:https     TIME_WAIT
  TCP    192.168.29.160:61050   20.198.162.76:https    ESTABLISHED
  TCP    [2405:201:800b:d098:65ff:40d6:eecf:a43c]:51205  g2600-140f-dc00-018d-0000-0000-0000-4106:https  CLOSE_WAIT
  TCP    [2405:201:800b:d098:65ff:40d6:eecf:a43c]:51206  g2600-140f-dc00-019e-0000-0000-0000-4106:https  CLOSE_WAIT
  TCP    [2405:201:800b:d098:65ff:40d6:eecf:a43c]:51217  g2600-140f-dc00-018d-0000-0000-0000-4106:https  CLOSE_WAIT
  TCP    [2405:201:800b:d098:65ff:40d6:eecf:a43c]:51682  del12s07-in-x16:https  ESTABLISHED
  TCP    [2405:201:800b:d098:65ff:40d6:eecf:a43c]:53987  del03s17-in-x03:https  ESTABLISHED
  TCP    [2405:201:800b:d098:65ff:40d6:eecf:a43c]:55770  del12s04-in-x02:https  ESTABLISHED
  TCP    [2405:201:800b:d098:65ff:40d6:eecf:a43c]:56288  [2404:6800:4003:c04::bc]:5228  ESTABLISHED
  TCP    [2405:201:800b:d098:65ff:40d6:eecf:a43c]:56649  del11s12-in-x02:https  TIME_WAIT
  TCP    [2405:201:800b:d098:65ff:40d6:eecf:a43c]:60080  del11s07-in-x0e:https  TIME_WAIT
  TCP    [2405:201:800b:d098:65ff:40d6:eecf:a43c]:60815  del12s04-in-x01:https  ESTABLISHED
  TCP    [2405:201:800b:d098:65ff:40d6:eecf:a43c]:61563  del11s07-in-x01:https  TIME_WAIT
PS C:\Users\nirjh> netstat

Active Connections

  Proto  Local Address          Foreign Address        State
  TCP    127.0.0.1:4843         DESKTOP-AGM5VF0:62007  ESTABLISHED
  TCP    127.0.0.1:5037         DESKTOP-AGM5VF0:50819  TIME_WAIT
  TCP    127.0.0.1:5037         DESKTOP-AGM5VF0:50820  TIME_WAIT
  TCP    127.0.0.1:5037         DESKTOP-AGM5VF0:50821  TIME_WAIT
  TCP    127.0.0.1:5037         DESKTOP-AGM5VF0:50822  TIME_WAIT
  TCP    127.0.0.1:5037         DESKTOP-AGM5VF0:51038  TIME_WAIT
  TCP    127.0.0.1:5037         DESKTOP-AGM5VF0:51039  TIME_WAIT
  TCP    127.0.0.1:5037         DESKTOP-AGM5VF0:52492  TIME_WAIT
  TCP    127.0.0.1:5037         DESKTOP-AGM5VF0:52493  TIME_WAIT
  TCP    127.0.0.1:5037         DESKTOP-AGM5VF0:52494  TIME_WAIT
  TCP    127.0.0.1:5037         DESKTOP-AGM5VF0:52495  TIME_WAIT
  TCP    127.0.0.1:5037         DESKTOP-AGM5VF0:52496  TIME_WAIT
  TCP    127.0.0.1:5037         DESKTOP-AGM5VF0:52497  TIME_WAIT
  TCP    127.0.0.1:5037         DESKTOP-AGM5VF0:52498  TIME_WAIT
  TCP    127.0.0.1:5037         DESKTOP-AGM5VF0:52499  TIME_WAIT
  TCP    127.0.0.1:5037         DESKTOP-AGM5VF0:52500  TIME_WAIT
  TCP    127.0.0.1:5037         DESKTOP-AGM5VF0:52501  TIME_WAIT
  TCP    127.0.0.1:5037         DESKTOP-AGM5VF0:52502  TIME_WAIT
  TCP    127.0.0.1:5037         DESKTOP-AGM5VF0:52503  TIME_WAIT
  TCP    127.0.0.1:5037         DESKTOP-AGM5VF0:52504  TIME_WAIT
  TCP    127.0.0.1:5037         DESKTOP-AGM5VF0:52505  TIME_WAIT
  TCP    127.0.0.1:5037         DESKTOP-AGM5VF0:52506  TIME_WAIT
  TCP    127.0.0.1:5037         DESKTOP-AGM5VF0:52507  TIME_WAIT
  TCP    127.0.0.1:5037         DESKTOP-AGM5VF0:55280  TIME_WAIT
  TCP    127.0.0.1:5037         DESKTOP-AGM5VF0:55281  TIME_WAIT
  TCP    127.0.0.1:5037         DESKTOP-AGM5VF0:55282  TIME_WAIT
  TCP    127.0.0.1:5037         DESKTOP-AGM5VF0:55283  TIME_WAIT
  TCP    127.0.0.1:5037         DESKTOP-AGM5VF0:61525  TIME_WAIT
  TCP    127.0.0.1:5037         DESKTOP-AGM5VF0:61526  TIME_WAIT
  TCP    127.0.0.1:5037         DESKTOP-AGM5VF0:61527  TIME_WAIT
  TCP    127.0.0.1:5037         DESKTOP-AGM5VF0:61528  TIME_WAIT
  TCP    127.0.0.1:5037         DESKTOP-AGM5VF0:61529  TIME_WAIT
  TCP    127.0.0.1:5037         DESKTOP-AGM5VF0:61530  TIME_WAIT
  TCP    127.0.0.1:5037         DESKTOP-AGM5VF0:62351  TIME_WAIT
  TCP    127.0.0.1:5037         DESKTOP-AGM5VF0:62352  TIME_WAIT
  TCP    127.0.0.1:5037         DESKTOP-AGM5VF0:62353  TIME_WAIT
  TCP    127.0.0.1:5037         DESKTOP-AGM5VF0:62354  TIME_WAIT
  TCP    127.0.0.1:5037         DESKTOP-AGM5VF0:62355  TIME_WAIT
  TCP    127.0.0.1:5037         DESKTOP-AGM5VF0:62356  TIME_WAIT
  TCP    127.0.0.1:5037         DESKTOP-AGM5VF0:62357  TIME_WAIT
  TCP    127.0.0.1:5037         DESKTOP-AGM5VF0:62358  TIME_WAIT
  TCP    127.0.0.1:5037         DESKTOP-AGM5VF0:62359  TIME_WAIT
  TCP    127.0.0.1:5037         DESKTOP-AGM5VF0:62360  TIME_WAIT
  TCP    127.0.0.1:5037         DESKTOP-AGM5VF0:62361  TIME_WAIT
  TCP    127.0.0.1:5037         DESKTOP-AGM5VF0:62362  TIME_WAIT
  TCP    127.0.0.1:5037         DESKTOP-AGM5VF0:62363  TIME_WAIT
  TCP    127.0.0.1:5037         DESKTOP-AGM5VF0:62364  TIME_WAIT
  TCP    127.0.0.1:5037         DESKTOP-AGM5VF0:62365  TIME_WAIT
  TCP    127.0.0.1:5037         DESKTOP-AGM5VF0:62366  TIME_WAIT
  TCP    127.0.0.1:5037         DESKTOP-AGM5VF0:62367  TIME_WAIT
  TCP    127.0.0.1:5037         DESKTOP-AGM5VF0:62368  TIME_WAIT
  TCP    127.0.0.1:5037         DESKTOP-AGM5VF0:62369  TIME_WAIT
  TCP    127.0.0.1:5037         DESKTOP-AGM5VF0:62370  TIME_WAIT
  TCP    127.0.0.1:5037         DESKTOP-AGM5VF0:62371  TIME_WAIT
  TCP    127.0.0.1:5037         DESKTOP-AGM5VF0:62372  TIME_WAIT
  TCP    127.0.0.1:5037         DESKTOP-AGM5VF0:62373  TIME_WAIT
  TCP    127.0.0.1:5037         DESKTOP-AGM5VF0:62374  TIME_WAIT
  TCP    127.0.0.1:5037         DESKTOP-AGM5VF0:62375  TIME_WAIT
  TCP    127.0.0.1:5037         DESKTOP-AGM5VF0:62376  TIME_WAIT
  TCP    127.0.0.1:5037         DESKTOP-AGM5VF0:62377  TIME_WAIT
  TCP    127.0.0.1:5037         DESKTOP-AGM5VF0:62378  TIME_WAIT
  TCP    127.0.0.1:5037         DESKTOP-AGM5VF0:62379  TIME_WAIT
  TCP    127.0.0.1:5037         DESKTOP-AGM5VF0:62380  TIME_WAIT
  TCP    127.0.0.1:5037         DESKTOP-AGM5VF0:62381  TIME_WAIT
  TCP    127.0.0.1:5037         DESKTOP-AGM5VF0:62382  TIME_WAIT
  TCP    127.0.0.1:5037         DESKTOP-AGM5VF0:62383  TIME_WAIT
  TCP    127.0.0.1:5037         DESKTOP-AGM5VF0:62384  TIME_WAIT
  TCP    127.0.0.1:49668        DESKTOP-AGM5VF0:49669  ESTABLISHED
  TCP    127.0.0.1:49669        DESKTOP-AGM5VF0:49668  ESTABLISHED
  TCP    127.0.0.1:49675        DESKTOP-AGM5VF0:49676  ESTABLISHED
  TCP    127.0.0.1:49676        DESKTOP-AGM5VF0:49675  ESTABLISHED
  TCP    127.0.0.1:49683        DESKTOP-AGM5VF0:49684  ESTABLISHED
  TCP    127.0.0.1:49684        DESKTOP-AGM5VF0:49683  ESTABLISHED
  TCP    127.0.0.1:55929        DESKTOP-AGM5VF0:55930  ESTABLISHED
  TCP    127.0.0.1:55930        DESKTOP-AGM5VF0:55929  ESTABLISHED
  TCP    127.0.0.1:57049        DESKTOP-AGM5VF0:57050  ESTABLISHED
  TCP    127.0.0.1:57050        DESKTOP-AGM5VF0:57049  ESTABLISHED
  TCP    127.0.0.1:57052        DESKTOP-AGM5VF0:57053  ESTABLISHED
  TCP    127.0.0.1:57053        DESKTOP-AGM5VF0:57052  ESTABLISHED
  TCP    127.0.0.1:62007        DESKTOP-AGM5VF0:4843   ESTABLISHED
  TCP    192.168.29.160:50818   del11s10-in-f6:https   TIME_WAIT
  TCP    192.168.29.160:52491   e2a:https              ESTABLISHED
  TCP    192.168.29.160:52914   91.108.56.115:https    ESTABLISHED
  TCP    192.168.29.160:53777   192.168.29.180:8009    ESTABLISHED
  TCP    192.168.29.160:54645   del03s17-in-f2:https   ESTABLISHED
  TCP    192.168.29.160:56652   109:https              ESTABLISHED
  TCP    192.168.29.160:57615   109:https              ESTABLISHED
  TCP    192.168.29.160:60919   91.108.23.100:https    ESTABLISHED
  TCP    192.168.29.160:61050   20.198.162.76:https    ESTABLISHED
  TCP    192.168.29.160:61524   69.94.67.71:https      ESTABLISHED
  TCP    [2405:201:800b:d098:65ff:40d6:eecf:a43c]:51205  g2600-140f-dc00-018d-0000-0000-0000-4106:https  CLOSE_WAIT
  TCP    [2405:201:800b:d098:65ff:40d6:eecf:a43c]:51206  g2600-140f-dc00-019e-0000-0000-0000-4106:https  CLOSE_WAIT
  TCP    [2405:201:800b:d098:65ff:40d6:eecf:a43c]:51217  g2600-140f-dc00-018d-0000-0000-0000-4106:https  CLOSE_WAIT
  TCP    [2405:201:800b:d098:65ff:40d6:eecf:a43c]:51682  del12s07-in-x16:https  ESTABLISHED
  TCP    [2405:201:800b:d098:65ff:40d6:eecf:a43c]:53987  del03s17-in-x03:https  ESTABLISHED
  TCP    [2405:201:800b:d098:65ff:40d6:eecf:a43c]:55279  del11s05-in-x0e:https  ESTABLISHED
  TCP    [2405:201:800b:d098:65ff:40d6:eecf:a43c]:55770  del12s04-in-x02:https  ESTABLISHED
  TCP    [2405:201:800b:d098:65ff:40d6:eecf:a43c]:56288  [2404:6800:4003:c04::bc]:5228  ESTABLISHED
  TCP    [2405:201:800b:d098:65ff:40d6:eecf:a43c]:60815  del12s04-in-x01:https  TIME_WAIT
  TCP    [2405:201:800b:d098:65ff:40d6:eecf:a43c]:62350  del11s05-in-x0e:https  TIME_WAIT
PS C:\Users\nirjh> netstat/all
netstat/all : The term 'netstat/all' is not recognized as the name of a cmdlet, function, script file, or operable program. Check the spelling of the name, or if a path was included, verify that the path is correct and try again.
At line:1 char:1
+ netstat/all
+ ~~~~~~~~~~~
    + CategoryInfo          : ObjectNotFound: (netstat/all:String) [], CommandNotFoundException
    + FullyQualifiedErrorId : CommandNotFoundException

PS C:\Users\nirjh> netstat

Active Connections

  Proto  Local Address          Foreign Address        State
  TCP    127.0.0.1:4843         DESKTOP-AGM5VF0:62007  ESTABLISHED
  TCP    127.0.0.1:5037         DESKTOP-AGM5VF0:52492  TIME_WAIT
  TCP    127.0.0.1:5037         DESKTOP-AGM5VF0:52493  TIME_WAIT
  TCP    127.0.0.1:5037         DESKTOP-AGM5VF0:52494  TIME_WAIT
  TCP    127.0.0.1:5037         DESKTOP-AGM5VF0:52495  TIME_WAIT
  TCP    127.0.0.1:5037         DESKTOP-AGM5VF0:52496  TIME_WAIT
  TCP    127.0.0.1:5037         DESKTOP-AGM5VF0:52497  TIME_WAIT
  TCP    127.0.0.1:5037         DESKTOP-AGM5VF0:52498  TIME_WAIT
  TCP    127.0.0.1:5037         DESKTOP-AGM5VF0:52499  TIME_WAIT
  TCP    127.0.0.1:5037         DESKTOP-AGM5VF0:52500  TIME_WAIT
  TCP    127.0.0.1:5037         DESKTOP-AGM5VF0:52501  TIME_WAIT
  TCP    127.0.0.1:5037         DESKTOP-AGM5VF0:52502  TIME_WAIT
  TCP    127.0.0.1:5037         DESKTOP-AGM5VF0:52503  TIME_WAIT
  TCP    127.0.0.1:5037         DESKTOP-AGM5VF0:52504  TIME_WAIT
  TCP    127.0.0.1:5037         DESKTOP-AGM5VF0:52505  TIME_WAIT
  TCP    127.0.0.1:5037         DESKTOP-AGM5VF0:52506  TIME_WAIT
  TCP    127.0.0.1:5037         DESKTOP-AGM5VF0:52507  TIME_WAIT
  TCP    127.0.0.1:5037         DESKTOP-AGM5VF0:55280  TIME_WAIT
  TCP    127.0.0.1:5037         DESKTOP-AGM5VF0:55281  TIME_WAIT
  TCP    127.0.0.1:5037         DESKTOP-AGM5VF0:55282  TIME_WAIT
  TCP    127.0.0.1:5037         DESKTOP-AGM5VF0:55283  TIME_WAIT
  TCP    127.0.0.1:5037         DESKTOP-AGM5VF0:55284  TIME_WAIT
  TCP    127.0.0.1:5037         DESKTOP-AGM5VF0:55285  TIME_WAIT
  TCP    127.0.0.1:5037         DESKTOP-AGM5VF0:55286  TIME_WAIT
  TCP    127.0.0.1:5037         DESKTOP-AGM5VF0:55287  TIME_WAIT
  TCP    127.0.0.1:5037         DESKTOP-AGM5VF0:55288  TIME_WAIT
  TCP    127.0.0.1:5037         DESKTOP-AGM5VF0:55289  TIME_WAIT
  TCP    127.0.0.1:5037         DESKTOP-AGM5VF0:55290  TIME_WAIT
  TCP    127.0.0.1:5037         DESKTOP-AGM5VF0:55291  TIME_WAIT
  TCP    127.0.0.1:5037         DESKTOP-AGM5VF0:55292  TIME_WAIT
  TCP    127.0.0.1:5037         DESKTOP-AGM5VF0:55293  TIME_WAIT
  TCP    127.0.0.1:5037         DESKTOP-AGM5VF0:55294  TIME_WAIT
  TCP    127.0.0.1:5037         DESKTOP-AGM5VF0:55295  TIME_WAIT
  TCP    127.0.0.1:5037         DESKTOP-AGM5VF0:55296  TIME_WAIT
  TCP    127.0.0.1:5037         DESKTOP-AGM5VF0:55297  TIME_WAIT
  TCP    127.0.0.1:5037         DESKTOP-AGM5VF0:55298  TIME_WAIT
  TCP    127.0.0.1:5037         DESKTOP-AGM5VF0:55299  TIME_WAIT
  TCP    127.0.0.1:5037         DESKTOP-AGM5VF0:55300  TIME_WAIT
  TCP    127.0.0.1:5037         DESKTOP-AGM5VF0:55301  TIME_WAIT
  TCP    127.0.0.1:5037         DESKTOP-AGM5VF0:55304  TIME_WAIT
  TCP    127.0.0.1:5037         DESKTOP-AGM5VF0:55305  TIME_WAIT
  TCP    127.0.0.1:5037         DESKTOP-AGM5VF0:55306  TIME_WAIT
  TCP    127.0.0.1:5037         DESKTOP-AGM5VF0:55307  TIME_WAIT
  TCP    127.0.0.1:5037         DESKTOP-AGM5VF0:55308  TIME_WAIT
  TCP    127.0.0.1:5037         DESKTOP-AGM5VF0:55309  TIME_WAIT
  TCP    127.0.0.1:5037         DESKTOP-AGM5VF0:55310  TIME_WAIT
  TCP    127.0.0.1:5037         DESKTOP-AGM5VF0:55311  TIME_WAIT
  TCP    127.0.0.1:5037         DESKTOP-AGM5VF0:55312  TIME_WAIT
  TCP    127.0.0.1:5037         DESKTOP-AGM5VF0:55313  TIME_WAIT
  TCP    127.0.0.1:5037         DESKTOP-AGM5VF0:55314  TIME_WAIT
  TCP    127.0.0.1:5037         DESKTOP-AGM5VF0:55315  TIME_WAIT
  TCP    127.0.0.1:5037         DESKTOP-AGM5VF0:58622  TIME_WAIT
  TCP    127.0.0.1:5037         DESKTOP-AGM5VF0:58623  TIME_WAIT
  TCP    127.0.0.1:5037         DESKTOP-AGM5VF0:61525  TIME_WAIT
  TCP    127.0.0.1:5037         DESKTOP-AGM5VF0:61526  TIME_WAIT
  TCP    127.0.0.1:5037         DESKTOP-AGM5VF0:61527  TIME_WAIT
  TCP    127.0.0.1:5037         DESKTOP-AGM5VF0:61528  TIME_WAIT
  TCP    127.0.0.1:5037         DESKTOP-AGM5VF0:61529  TIME_WAIT
  TCP    127.0.0.1:5037         DESKTOP-AGM5VF0:61530  TIME_WAIT
  TCP    127.0.0.1:5037         DESKTOP-AGM5VF0:62377  TIME_WAIT
  TCP    127.0.0.1:5037         DESKTOP-AGM5VF0:62378  TIME_WAIT
  TCP    127.0.0.1:5037         DESKTOP-AGM5VF0:62379  TIME_WAIT
  TCP    127.0.0.1:5037         DESKTOP-AGM5VF0:62380  TIME_WAIT
  TCP    127.0.0.1:5037         DESKTOP-AGM5VF0:62381  TIME_WAIT
  TCP    127.0.0.1:5037         DESKTOP-AGM5VF0:62382  TIME_WAIT
  TCP    127.0.0.1:5037         DESKTOP-AGM5VF0:62383  TIME_WAIT
  TCP    127.0.0.1:5037         DESKTOP-AGM5VF0:62384  TIME_WAIT
  TCP    127.0.0.1:49668        DESKTOP-AGM5VF0:49669  ESTABLISHED
  TCP    127.0.0.1:49669        DESKTOP-AGM5VF0:49668  ESTABLISHED
  TCP    127.0.0.1:49675        DESKTOP-AGM5VF0:49676  ESTABLISHED
  TCP    127.0.0.1:49676        DESKTOP-AGM5VF0:49675  ESTABLISHED
  TCP    127.0.0.1:49683        DESKTOP-AGM5VF0:49684  ESTABLISHED
  TCP    127.0.0.1:49684        DESKTOP-AGM5VF0:49683  ESTABLISHED
  TCP    127.0.0.1:55929        DESKTOP-AGM5VF0:55930  ESTABLISHED
  TCP    127.0.0.1:55930        DESKTOP-AGM5VF0:55929  ESTABLISHED
  TCP    127.0.0.1:57049        DESKTOP-AGM5VF0:57050  ESTABLISHED
  TCP    127.0.0.1:57050        DESKTOP-AGM5VF0:57049  ESTABLISHED
  TCP    127.0.0.1:57052        DESKTOP-AGM5VF0:57053  ESTABLISHED
  TCP    127.0.0.1:57053        DESKTOP-AGM5VF0:57052  ESTABLISHED
  TCP    127.0.0.1:62007        DESKTOP-AGM5VF0:4843   ESTABLISHED
  TCP    192.168.29.160:50818   del11s10-in-f6:https   TIME_WAIT
  TCP    192.168.29.160:52491   e2a:https              TIME_WAIT
  TCP    192.168.29.160:52914   91.108.56.115:https    ESTABLISHED
  TCP    192.168.29.160:53777   192.168.29.180:8009    ESTABLISHED
  TCP    192.168.29.160:54645   del03s17-in-f2:https   ESTABLISHED
  TCP    192.168.29.160:55302   91.108.23.100:https    ESTABLISHED
  TCP    192.168.29.160:56652   109:https              ESTABLISHED
  TCP    192.168.29.160:57615   109:https              ESTABLISHED
  TCP    192.168.29.160:61050   20.198.162.76:https    ESTABLISHED
  TCP    [2405:201:800b:d098:65ff:40d6:eecf:a43c]:51205  g2600-140f-dc00-018d-0000-0000-0000-4106:https  CLOSE_WAIT
  TCP    [2405:201:800b:d098:65ff:40d6:eecf:a43c]:51206  g2600-140f-dc00-019e-0000-0000-0000-4106:https  CLOSE_WAIT
  TCP    [2405:201:800b:d098:65ff:40d6:eecf:a43c]:51217  g2600-140f-dc00-018d-0000-0000-0000-4106:https  CLOSE_WAIT
  TCP    [2405:201:800b:d098:65ff:40d6:eecf:a43c]:51682  del12s07-in-x16:https  ESTABLISHED
  TCP    [2405:201:800b:d098:65ff:40d6:eecf:a43c]:53987  del03s17-in-x03:https  ESTABLISHED
  TCP    [2405:201:800b:d098:65ff:40d6:eecf:a43c]:55279  del11s05-in-x0e:https  TIME_WAIT
  TCP    [2405:201:800b:d098:65ff:40d6:eecf:a43c]:55770  del12s04-in-x02:https  ESTABLISHED
  TCP    [2405:201:800b:d098:65ff:40d6:eecf:a43c]:56288  [2404:6800:4003:c04::bc]:5228  ESTABLISHED
  TCP    [2405:201:800b:d098:65ff:40d6:eecf:a43c]:58621  [2405:200:1617:2934::10]:https  ESTABLISHED
PS C:\Users\nirjh>